../Core/Src/main.c:82:9:pot_serv_map	16	static
../Core/Src/main.c:91:10:serv_angle	16	static
../Core/Src/main.c:102:6:HAL_ADC_ConvCpltCallback	16	static
../Core/Src/main.c:111:5:main	112	static
../Core/Src/main.c:220:6:SystemClock_Config	88	static
../Core/Src/main.c:266:13:MX_ADC1_Init	24	static
../Core/Src/main.c:354:13:MX_TIM1_Init	96	static
../Core/Src/main.c:429:13:MX_TIM2_Init	64	static
../Core/Src/main.c:492:13:MX_TIM3_Init	64	static
../Core/Src/main.c:555:13:MX_USART2_UART_Init	8	static
../Core/Src/main.c:586:13:MX_DMA_Init	16	static
../Core/Src/main.c:604:13:MX_GPIO_Init	24	static
../Core/Src/main.c:627:6:Error_Handler	4	static,ignoring_inline_asm
