../Core/Src/main.c:82:5:pot_serv_map	16	static
../Core/Src/main.c:91:5:serv_angle	16	static
../Core/Src/main.c:103:6:HAL_ADC_ConvCpltCallback	16	static
../Core/Src/main.c:112:5:main	88	static
../Core/Src/main.c:210:6:SystemClock_Config	88	static
../Core/Src/main.c:256:13:MX_ADC1_Init	24	static
../Core/Src/main.c:355:13:MX_TIM1_Init	96	static
../Core/Src/main.c:434:13:MX_TIM2_Init	64	static
../Core/Src/main.c:497:13:MX_TIM3_Init	64	static
../Core/Src/main.c:560:13:MX_USART6_UART_Init	8	static
../Core/Src/main.c:591:13:MX_DMA_Init	16	static
../Core/Src/main.c:609:13:MX_GPIO_Init	24	static
../Core/Src/main.c:632:6:Error_Handler	4	static,ignoring_inline_asm
